SQL> SET TRANSACTION ISOLATION LEVEL READ COMMITTED;

Transaction ISOLATION succeeded.

SQL> SET SERVEROUTPUT ON
SQL> SELECT * FROM POSITION;

   PNUMBER TITLE                              SALARY
---------- ------------------------------ ----------
EXTRAS                                                  BONUS
-------------------------------------------------- ----------
SPECIFICATION
--------------------------------------------------------------------------------
ENAME                                                                          
--------------------------------------------------------------------------------
         1 lecturer                            45000 
computer                                                      
teaching                                                                        
University of New South Wales                                                   


   PNUMBER TITLE                              SALARY
---------- ------------------------------ ----------
EXTRAS                                                  BONUS
-------------------------------------------------- ----------
SPECIFICATION
--------------------------------------------------------------------------------
ENAME                                                                          
--------------------------------------------------------------------------------
         2 lecturer                           450000 
mouse pad                                              500000 
research                                                                        
University of Wollongong                                                        


   PNUMBER TITLE                              SALARY
---------- ------------------------------ ----------
EXTRAS                                                  BONUS
-------------------------------------------------- ----------
SPECIFICATION
--------------------------------------------------------------------------------
ENAME                                                                          
--------------------------------------------------------------------------------
         3 senior lecturer                     50000 
a lot of red markers                                          
a lot of hard work                                                              
University of Technology, Sydney                                                


   PNUMBER TITLE                              SALARY
---------- ------------------------------ ----------
EXTRAS                                                  BONUS
-------------------------------------------------- ----------
SPECIFICATION
--------------------------------------------------------------------------------
ENAME                                                                          
--------------------------------------------------------------------------------
         4 associate professor                200000 
silver pen                                                    
teaching                                                                        
University of Wollongong                                                        


   PNUMBER TITLE                              SALARY
---------- ------------------------------ ----------
EXTRAS                                                  BONUS
-------------------------------------------------- ----------
SPECIFICATION
--------------------------------------------------------------------------------
ENAME                                                                          
--------------------------------------------------------------------------------
         5 professor                          200000 
chair                                                         
research                                                                        
University of Queensland                                                        


   PNUMBER TITLE                              SALARY
---------- ------------------------------ ----------
EXTRAS                                                  BONUS
-------------------------------------------------- ----------
SPECIFICATION
--------------------------------------------------------------------------------
ENAME                                                                          
--------------------------------------------------------------------------------
         6 professor                          100000 
chair and desk                                                
research                                                                        
University of New South Wales                                                   


   PNUMBER TITLE                              SALARY
---------- ------------------------------ ----------
EXTRAS                                                  BONUS
-------------------------------------------------- ----------
SPECIFICATION
--------------------------------------------------------------------------------
ENAME                                                                          
--------------------------------------------------------------------------------
         7 professor                          800000 
chair                                                         
teaching and research                                                           
University of Wollongong                                                        


   PNUMBER TITLE                              SALARY
---------- ------------------------------ ----------
EXTRAS                                                  BONUS
-------------------------------------------------- ----------
SPECIFICATION
--------------------------------------------------------------------------------
ENAME                                                                          
--------------------------------------------------------------------------------
         8 senior lecturer                     45000 
computer                                               100000 
teaching                                                                        
University of Wollongong                                                        


   PNUMBER TITLE                              SALARY
---------- ------------------------------ ----------
EXTRAS                                                  BONUS
-------------------------------------------------- ----------
SPECIFICATION
--------------------------------------------------------------------------------
ENAME                                                                          
--------------------------------------------------------------------------------
         9 lecturer                           450000 
mouse pad                                              500000 
research                                                                        
University of Wollongong                                                        


   PNUMBER TITLE                              SALARY
---------- ------------------------------ ----------
EXTRAS                                                  BONUS
-------------------------------------------------- ----------
SPECIFICATION
--------------------------------------------------------------------------------
ENAME                                                                          
--------------------------------------------------------------------------------
        10 associate professor                 50000 
a lot of red markers                                          
a lot of hard work                                                              
University of Technology, Sydney                                                


 10 rows selected 

SQL> BEGIN

  UPDATE POSITION SET POSITION.SALARY = (POSITION.SALARY + POSITION.SALARY*0.1)
  WHERE POSITION.ENAME IN (
    SELECT EMPLOYER.ENAME FROM EMPLOYER WHERE EMPLOYER.STATE = 'New South Wales'
  );
  
  DBMS_LOCK.SLEEP(10);
  COMMIT;
  
END;
/

PL/SQL procedure successfully completed.

SQL> SELECT * FROM POSITION;

   PNUMBER TITLE                              SALARY
---------- ------------------------------ ----------
EXTRAS                                                  BONUS
-------------------------------------------------- ----------
SPECIFICATION
--------------------------------------------------------------------------------
ENAME                                                                          
--------------------------------------------------------------------------------
         1 lecturer                            49500 
computer                                                      
teaching                                                                        
University of New South Wales                                                   


   PNUMBER TITLE                              SALARY
---------- ------------------------------ ----------
EXTRAS                                                  BONUS
-------------------------------------------------- ----------
SPECIFICATION
--------------------------------------------------------------------------------
ENAME                                                                          
--------------------------------------------------------------------------------
         2 lecturer                           495000 
mouse pad                                              500000 
research                                                                        
University of Wollongong                                                        


   PNUMBER TITLE                              SALARY
---------- ------------------------------ ----------
EXTRAS                                                  BONUS
-------------------------------------------------- ----------
SPECIFICATION
--------------------------------------------------------------------------------
ENAME                                                                          
--------------------------------------------------------------------------------
         3 senior lecturer                     55000 
a lot of red markers                                          
a lot of hard work                                                              
University of Technology, Sydney                                                


   PNUMBER TITLE                              SALARY
---------- ------------------------------ ----------
EXTRAS                                                  BONUS
-------------------------------------------------- ----------
SPECIFICATION
--------------------------------------------------------------------------------
ENAME                                                                          
--------------------------------------------------------------------------------
         4 associate professor                220000 
silver pen                                                    
teaching                                                                        
University of Wollongong                                                        


   PNUMBER TITLE                              SALARY
---------- ------------------------------ ----------
EXTRAS                                                  BONUS
-------------------------------------------------- ----------
SPECIFICATION
--------------------------------------------------------------------------------
ENAME                                                                          
--------------------------------------------------------------------------------
         5 professor                          200000 
chair                                                         
research                                                                        
University of Queensland                                                        


   PNUMBER TITLE                              SALARY
---------- ------------------------------ ----------
EXTRAS                                                  BONUS
-------------------------------------------------- ----------
SPECIFICATION
--------------------------------------------------------------------------------
ENAME                                                                          
--------------------------------------------------------------------------------
         6 professor                          110000 
chair and desk                                                
research                                                                        
University of New South Wales                                                   


   PNUMBER TITLE                              SALARY
---------- ------------------------------ ----------
EXTRAS                                                  BONUS
-------------------------------------------------- ----------
SPECIFICATION
--------------------------------------------------------------------------------
ENAME                                                                          
--------------------------------------------------------------------------------
         7 professor                          880000 
chair                                                         
teaching and research                                                           
University of Wollongong                                                        


   PNUMBER TITLE                              SALARY
---------- ------------------------------ ----------
EXTRAS                                                  BONUS
-------------------------------------------------- ----------
SPECIFICATION
--------------------------------------------------------------------------------
ENAME                                                                          
--------------------------------------------------------------------------------
         8 senior lecturer                     49500 
computer                                               100000 
teaching                                                                        
University of Wollongong                                                        


   PNUMBER TITLE                              SALARY
---------- ------------------------------ ----------
EXTRAS                                                  BONUS
-------------------------------------------------- ----------
SPECIFICATION
--------------------------------------------------------------------------------
ENAME                                                                          
--------------------------------------------------------------------------------
         9 lecturer                           495000 
mouse pad                                              500000 
research                                                                        
University of Wollongong                                                        


   PNUMBER TITLE                              SALARY
---------- ------------------------------ ----------
EXTRAS                                                  BONUS
-------------------------------------------------- ----------
SPECIFICATION
--------------------------------------------------------------------------------
ENAME                                                                          
--------------------------------------------------------------------------------
        10 associate professor                 55000 
a lot of red markers                                          
a lot of hard work                                                              
University of Technology, Sydney                                                


 10 rows selected 

SQL> SPOOL OFF;
